MPLINK 5.09, LINKER
Linker Map File - Created Thu Dec 18 11:57:12 2025

                                 Section Info
                  Section       Type    Address   Location Size(Bytes)
                ---------  ---------  ---------  ---------  ---------
                   .org_0       code   0x000000    program   0x000002
                   .cinit    romdata   0x000001    program   0x000004
                   .org_1       code   0x000004    program   0x000030
                   .org_2       code   0x000100    program   0x000144
                    dbgP0       code   0x001f00    program   0x000200
.config_2007_BUILD/DEFAULT/DEBUG/ADC_UART.O       code   0x002007    program   0x000002
                    dbgD0      udata   0x000070       data   0x000001
                    dbgD1      udata   0x0000f0       data   0x000001
                    dbgD2      udata   0x000170       data   0x000001
                    dbgD3      udata   0x0001e5       data   0x00000b
                    dbgD4      udata   0x0001f0       data   0x000001



                              Program Memory Usage 
                               Start         End      
                           ---------   ---------      
                            0x000000    0x000002      
                            0x000004    0x00001b      
                            0x000100    0x0001a1      
                            0x001f00    0x001fff      
                            0x002007    0x002007      
            446 out of 8454 program addresses used, program memory utilization is 5%



                              Symbols - Sorted by Name
                     Name    Address   Location    Storage File                     
                ---------  ---------  ---------  --------- ---------                
                   ACK_RX   0x00014d    program     static U:\TPPIC\TP1.X\ADC_UART.asm
                      ADC   0x000135    program     static U:\TPPIC\TP1.X\ADC_UART.asm
                      BCD   0x00018a    program     static U:\TPPIC\TP1.X\ADC_UART.asm
                       D0   0x000148    program     static U:\TPPIC\TP1.X\ADC_UART.asm
                       D1   0x000146    program     static U:\TPPIC\TP1.X\ADC_UART.asm
                    DELAY   0x000144    program     static U:\TPPIC\TP1.X\ADC_UART.asm
                   T_AUTO   0x000159    program     static U:\TPPIC\TP1.X\ADC_UART.asm
                   T_PULL   0x00015e    program     static U:\TPPIC\TP1.X\ADC_UART.asm
                    T_REQ   0x000166    program     static U:\TPPIC\TP1.X\ADC_UART.asm
                  UART_TX   0x000183    program     static U:\TPPIC\TP1.X\ADC_UART.asm
               UART_TX_IT   0x00016f    program     static U:\TPPIC\TP1.X\ADC_UART.asm
                   dec_pp   0x00019a    program     static U:\TPPIC\TP1.X\ADC_UART.asm
                      irq   0x000004    program     static U:\TPPIC\TP1.X\ADC_UART.asm
               jump_start   0x000100    program     static U:\TPPIC\TP1.X\ADC_UART.asm
                    leave   0x000018    program     static U:\TPPIC\TP1.X\ADC_UART.asm
                     loop   0x000130    program     static U:\TPPIC\TP1.X\ADC_UART.asm
                      non   0x00013c    program     static U:\TPPIC\TP1.X\ADC_UART.asm
                      oui   0x00013e    program     static U:\TPPIC\TP1.X\ADC_UART.asm
                      ret   0x00018d    program     static U:\TPPIC\TP1.X\ADC_UART.asm
                    rx_if   0x000014    program     static U:\TPPIC\TP1.X\ADC_UART.asm
                    start   0x00013b    program     static U:\TPPIC\TP1.X\ADC_UART.asm
                    t1_it   0x00000e    program     static U:\TPPIC\TP1.X\ADC_UART.asm
                  unit_pp   0x000198    program     static U:\TPPIC\TP1.X\ADC_UART.asm
                     wait   0x000183    program     static U:\TPPIC\TP1.X\ADC_UART.asm



                              Symbols - Sorted by Address
                     Name    Address   Location    Storage File                     
                ---------  ---------  ---------  --------- ---------                
                      irq   0x000004    program     static U:\TPPIC\TP1.X\ADC_UART.asm
                    t1_it   0x00000e    program     static U:\TPPIC\TP1.X\ADC_UART.asm
                    rx_if   0x000014    program     static U:\TPPIC\TP1.X\ADC_UART.asm
                    leave   0x000018    program     static U:\TPPIC\TP1.X\ADC_UART.asm
               jump_start   0x000100    program     static U:\TPPIC\TP1.X\ADC_UART.asm
                     loop   0x000130    program     static U:\TPPIC\TP1.X\ADC_UART.asm
                      ADC   0x000135    program     static U:\TPPIC\TP1.X\ADC_UART.asm
                    start   0x00013b    program     static U:\TPPIC\TP1.X\ADC_UART.asm
                      non   0x00013c    program     static U:\TPPIC\TP1.X\ADC_UART.asm
                      oui   0x00013e    program     static U:\TPPIC\TP1.X\ADC_UART.asm
                    DELAY   0x000144    program     static U:\TPPIC\TP1.X\ADC_UART.asm
                       D1   0x000146    program     static U:\TPPIC\TP1.X\ADC_UART.asm
                       D0   0x000148    program     static U:\TPPIC\TP1.X\ADC_UART.asm
                   ACK_RX   0x00014d    program     static U:\TPPIC\TP1.X\ADC_UART.asm
                   T_AUTO   0x000159    program     static U:\TPPIC\TP1.X\ADC_UART.asm
                   T_PULL   0x00015e    program     static U:\TPPIC\TP1.X\ADC_UART.asm
                    T_REQ   0x000166    program     static U:\TPPIC\TP1.X\ADC_UART.asm
               UART_TX_IT   0x00016f    program     static U:\TPPIC\TP1.X\ADC_UART.asm
                  UART_TX   0x000183    program     static U:\TPPIC\TP1.X\ADC_UART.asm
                     wait   0x000183    program     static U:\TPPIC\TP1.X\ADC_UART.asm
                      BCD   0x00018a    program     static U:\TPPIC\TP1.X\ADC_UART.asm
                      ret   0x00018d    program     static U:\TPPIC\TP1.X\ADC_UART.asm
                  unit_pp   0x000198    program     static U:\TPPIC\TP1.X\ADC_UART.asm
                   dec_pp   0x00019a    program     static U:\TPPIC\TP1.X\ADC_UART.asm


