MPLINK 5.09, LINKER
Linker Map File - Created Thu Dec 11 17:00:45 2025

                                 Section Info
                  Section       Type    Address   Location Size(Bytes)
                ---------  ---------  ---------  ---------  ---------
                   .org_0       code   0x000000    program   0x0000b6
                   .cinit    romdata   0x001800    program   0x000004
                    dbgP0       code   0x001f00    program   0x000200
.config_2007_BUILD/DEFAULT/DEBUG/_EXT/2101421       code   0x002007    program   0x000002
                    dbgD0      udata   0x000070       data   0x000001
                    dbgD1      udata   0x0000f0       data   0x000001
                    dbgD2      udata   0x000170       data   0x000001
                    dbgD3      udata   0x0001e5       data   0x00000b
                    dbgD4      udata   0x0001f0       data   0x000001



                              Program Memory Usage 
                               Start         End      
                           ---------   ---------      
                            0x000000    0x00005a      
                            0x001800    0x001801      
                            0x001f00    0x001fff      
                            0x002007    0x002007      
            350 out of 8454 program addresses used, program memory utilization is 4%



                              Symbols - Sorted by Name
                     Name    Address   Location    Storage File                     
                ---------  ---------  ---------  --------- ---------                
                      ADC   0x000027    program     static \\vfiler-ad-etu.ad.unistra.fr\afrayard\Bureau\tuto_pic2022.asm
                      BCD   0x000043    program     static \\vfiler-ad-etu.ad.unistra.fr\afrayard\Bureau\tuto_pic2022.asm
                       D0   0x00003a    program     static \\vfiler-ad-etu.ad.unistra.fr\afrayard\Bureau\tuto_pic2022.asm
                       D1   0x000038    program     static \\vfiler-ad-etu.ad.unistra.fr\afrayard\Bureau\tuto_pic2022.asm
                    DELAY   0x000036    program     static \\vfiler-ad-etu.ad.unistra.fr\afrayard\Bureau\tuto_pic2022.asm
                  UART_TX   0x00003f    program     static \\vfiler-ad-etu.ad.unistra.fr\afrayard\Bureau\tuto_pic2022.asm
                   dec_pp   0x000053    program     static \\vfiler-ad-etu.ad.unistra.fr\afrayard\Bureau\tuto_pic2022.asm
                     loop   0x000020    program     static \\vfiler-ad-etu.ad.unistra.fr\afrayard\Bureau\tuto_pic2022.asm
                      non   0x00002e    program     static \\vfiler-ad-etu.ad.unistra.fr\afrayard\Bureau\tuto_pic2022.asm
                      oui   0x000030    program     static \\vfiler-ad-etu.ad.unistra.fr\afrayard\Bureau\tuto_pic2022.asm
                      ret   0x000046    program     static \\vfiler-ad-etu.ad.unistra.fr\afrayard\Bureau\tuto_pic2022.asm
                    start   0x00002d    program     static \\vfiler-ad-etu.ad.unistra.fr\afrayard\Bureau\tuto_pic2022.asm
                  unit_pp   0x000051    program     static \\vfiler-ad-etu.ad.unistra.fr\afrayard\Bureau\tuto_pic2022.asm
                     wait   0x00003f    program     static \\vfiler-ad-etu.ad.unistra.fr\afrayard\Bureau\tuto_pic2022.asm



                              Symbols - Sorted by Address
                     Name    Address   Location    Storage File                     
                ---------  ---------  ---------  --------- ---------                
                     loop   0x000020    program     static \\vfiler-ad-etu.ad.unistra.fr\afrayard\Bureau\tuto_pic2022.asm
                      ADC   0x000027    program     static \\vfiler-ad-etu.ad.unistra.fr\afrayard\Bureau\tuto_pic2022.asm
                    start   0x00002d    program     static \\vfiler-ad-etu.ad.unistra.fr\afrayard\Bureau\tuto_pic2022.asm
                      non   0x00002e    program     static \\vfiler-ad-etu.ad.unistra.fr\afrayard\Bureau\tuto_pic2022.asm
                      oui   0x000030    program     static \\vfiler-ad-etu.ad.unistra.fr\afrayard\Bureau\tuto_pic2022.asm
                    DELAY   0x000036    program     static \\vfiler-ad-etu.ad.unistra.fr\afrayard\Bureau\tuto_pic2022.asm
                       D1   0x000038    program     static \\vfiler-ad-etu.ad.unistra.fr\afrayard\Bureau\tuto_pic2022.asm
                       D0   0x00003a    program     static \\vfiler-ad-etu.ad.unistra.fr\afrayard\Bureau\tuto_pic2022.asm
                  UART_TX   0x00003f    program     static \\vfiler-ad-etu.ad.unistra.fr\afrayard\Bureau\tuto_pic2022.asm
                     wait   0x00003f    program     static \\vfiler-ad-etu.ad.unistra.fr\afrayard\Bureau\tuto_pic2022.asm
                      BCD   0x000043    program     static \\vfiler-ad-etu.ad.unistra.fr\afrayard\Bureau\tuto_pic2022.asm
                      ret   0x000046    program     static \\vfiler-ad-etu.ad.unistra.fr\afrayard\Bureau\tuto_pic2022.asm
                  unit_pp   0x000051    program     static \\vfiler-ad-etu.ad.unistra.fr\afrayard\Bureau\tuto_pic2022.asm
                   dec_pp   0x000053    program     static \\vfiler-ad-etu.ad.unistra.fr\afrayard\Bureau\tuto_pic2022.asm


