MPLINK 5.09, LINKER
Linker Map File - Created Thu Dec 18 12:03:28 2025

                                 Section Info
                  Section       Type    Address   Location Size(Bytes)
                ---------  ---------  ---------  ---------  ---------
                   .org_0       code   0x000000    program   0x000002
                   .cinit    romdata   0x000001    program   0x000004
                   .org_1       code   0x000004    program   0x000030
                   .org_2       code   0x000100    program   0x000148
.config_2007_BUILD/DEFAULT/PRODUCTION/ADC_UAR       code   0x002007    program   0x000002



                              Program Memory Usage 
                               Start         End      
                           ---------   ---------      
                            0x000000    0x000002      
                            0x000004    0x00001b      
                            0x000100    0x0001a3      
                            0x002007    0x002007      
            192 out of 8454 program addresses used, program memory utilization is 2%



                              Symbols - Sorted by Name
                     Name    Address   Location    Storage File                     
                ---------  ---------  ---------  --------- ---------                
                   ACK_RX   0x00014f    program     static U:\TPPIC\TP1.X\ADC_UART.asm
                      ADC   0x000137    program     static U:\TPPIC\TP1.X\ADC_UART.asm
                      BCD   0x00018c    program     static U:\TPPIC\TP1.X\ADC_UART.asm
                       D0   0x00014a    program     static U:\TPPIC\TP1.X\ADC_UART.asm
                       D1   0x000148    program     static U:\TPPIC\TP1.X\ADC_UART.asm
                    DELAY   0x000146    program     static U:\TPPIC\TP1.X\ADC_UART.asm
                   T_AUTO   0x00015b    program     static U:\TPPIC\TP1.X\ADC_UART.asm
                   T_PULL   0x000160    program     static U:\TPPIC\TP1.X\ADC_UART.asm
                    T_REQ   0x000168    program     static U:\TPPIC\TP1.X\ADC_UART.asm
                  UART_TX   0x000185    program     static U:\TPPIC\TP1.X\ADC_UART.asm
               UART_TX_IT   0x000171    program     static U:\TPPIC\TP1.X\ADC_UART.asm
                   dec_pp   0x00019c    program     static U:\TPPIC\TP1.X\ADC_UART.asm
                      irq   0x000004    program     static U:\TPPIC\TP1.X\ADC_UART.asm
               jump_start   0x000100    program     static U:\TPPIC\TP1.X\ADC_UART.asm
                    leave   0x000018    program     static U:\TPPIC\TP1.X\ADC_UART.asm
                     loop   0x000132    program     static U:\TPPIC\TP1.X\ADC_UART.asm
                      non   0x00013e    program     static U:\TPPIC\TP1.X\ADC_UART.asm
                      oui   0x000140    program     static U:\TPPIC\TP1.X\ADC_UART.asm
                      ret   0x00018f    program     static U:\TPPIC\TP1.X\ADC_UART.asm
                    rx_if   0x000014    program     static U:\TPPIC\TP1.X\ADC_UART.asm
                    start   0x00013d    program     static U:\TPPIC\TP1.X\ADC_UART.asm
                    t1_it   0x00000e    program     static U:\TPPIC\TP1.X\ADC_UART.asm
                  unit_pp   0x00019a    program     static U:\TPPIC\TP1.X\ADC_UART.asm
                     wait   0x000185    program     static U:\TPPIC\TP1.X\ADC_UART.asm



                              Symbols - Sorted by Address
                     Name    Address   Location    Storage File                     
                ---------  ---------  ---------  --------- ---------                
                      irq   0x000004    program     static U:\TPPIC\TP1.X\ADC_UART.asm
                    t1_it   0x00000e    program     static U:\TPPIC\TP1.X\ADC_UART.asm
                    rx_if   0x000014    program     static U:\TPPIC\TP1.X\ADC_UART.asm
                    leave   0x000018    program     static U:\TPPIC\TP1.X\ADC_UART.asm
               jump_start   0x000100    program     static U:\TPPIC\TP1.X\ADC_UART.asm
                     loop   0x000132    program     static U:\TPPIC\TP1.X\ADC_UART.asm
                      ADC   0x000137    program     static U:\TPPIC\TP1.X\ADC_UART.asm
                    start   0x00013d    program     static U:\TPPIC\TP1.X\ADC_UART.asm
                      non   0x00013e    program     static U:\TPPIC\TP1.X\ADC_UART.asm
                      oui   0x000140    program     static U:\TPPIC\TP1.X\ADC_UART.asm
                    DELAY   0x000146    program     static U:\TPPIC\TP1.X\ADC_UART.asm
                       D1   0x000148    program     static U:\TPPIC\TP1.X\ADC_UART.asm
                       D0   0x00014a    program     static U:\TPPIC\TP1.X\ADC_UART.asm
                   ACK_RX   0x00014f    program     static U:\TPPIC\TP1.X\ADC_UART.asm
                   T_AUTO   0x00015b    program     static U:\TPPIC\TP1.X\ADC_UART.asm
                   T_PULL   0x000160    program     static U:\TPPIC\TP1.X\ADC_UART.asm
                    T_REQ   0x000168    program     static U:\TPPIC\TP1.X\ADC_UART.asm
               UART_TX_IT   0x000171    program     static U:\TPPIC\TP1.X\ADC_UART.asm
                  UART_TX   0x000185    program     static U:\TPPIC\TP1.X\ADC_UART.asm
                     wait   0x000185    program     static U:\TPPIC\TP1.X\ADC_UART.asm
                      BCD   0x00018c    program     static U:\TPPIC\TP1.X\ADC_UART.asm
                      ret   0x00018f    program     static U:\TPPIC\TP1.X\ADC_UART.asm
                  unit_pp   0x00019a    program     static U:\TPPIC\TP1.X\ADC_UART.asm
                   dec_pp   0x00019c    program     static U:\TPPIC\TP1.X\ADC_UART.asm


