MPLINK 5.09, LINKER
Linker Map File - Created Thu Dec 18 11:43:22 2025

                                 Section Info
                  Section       Type    Address   Location Size(Bytes)
                ---------  ---------  ---------  ---------  ---------
                   .org_0       code   0x000000    program   0x000002
                   .cinit    romdata   0x000001    program   0x000004
                   .org_1       code   0x000004    program   0x00002c
                   .org_2       code   0x000100    program   0x000138
.config_2007_BUILD/DEFAULT/PRODUCTION/ADC_UAR       code   0x002007    program   0x000002



                              Program Memory Usage 
                               Start         End      
                           ---------   ---------      
                            0x000000    0x000002      
                            0x000004    0x000019      
                            0x000100    0x00019b      
                            0x002007    0x002007      
            182 out of 8454 program addresses used, program memory utilization is 2%



                              Symbols - Sorted by Name
                     Name    Address   Location    Storage File                     
                ---------  ---------  ---------  --------- ---------                
                   ACK_RX   0x00014b    program     static U:\TPPIC\TP1.X\ADC_UART.asm
                      ADC   0x000133    program     static U:\TPPIC\TP1.X\ADC_UART.asm
                      BCD   0x000184    program     static U:\TPPIC\TP1.X\ADC_UART.asm
                       D0   0x000146    program     static U:\TPPIC\TP1.X\ADC_UART.asm
                       D1   0x000144    program     static U:\TPPIC\TP1.X\ADC_UART.asm
                    DELAY   0x000142    program     static U:\TPPIC\TP1.X\ADC_UART.asm
                   T_AUTO   0x000157    program     static U:\TPPIC\TP1.X\ADC_UART.asm
                   T_PULL   0x00015c    program     static U:\TPPIC\TP1.X\ADC_UART.asm
                    T_REQ   0x000164    program     static U:\TPPIC\TP1.X\ADC_UART.asm
                  UART_TX   0x00017d    program     static U:\TPPIC\TP1.X\ADC_UART.asm
               UART_TX_IT   0x00016d    program     static U:\TPPIC\TP1.X\ADC_UART.asm
                   dec_pp   0x000194    program     static U:\TPPIC\TP1.X\ADC_UART.asm
                      irq   0x000004    program     static U:\TPPIC\TP1.X\ADC_UART.asm
               jump_start   0x000100    program     static U:\TPPIC\TP1.X\ADC_UART.asm
                    leave   0x000016    program     static U:\TPPIC\TP1.X\ADC_UART.asm
                     loop   0x00012e    program     static U:\TPPIC\TP1.X\ADC_UART.asm
                      non   0x00013a    program     static U:\TPPIC\TP1.X\ADC_UART.asm
                      oui   0x00013c    program     static U:\TPPIC\TP1.X\ADC_UART.asm
                      ret   0x000187    program     static U:\TPPIC\TP1.X\ADC_UART.asm
                    rx_if   0x000012    program     static U:\TPPIC\TP1.X\ADC_UART.asm
                    start   0x000139    program     static U:\TPPIC\TP1.X\ADC_UART.asm
                    t1_it   0x00000e    program     static U:\TPPIC\TP1.X\ADC_UART.asm
                  unit_pp   0x000192    program     static U:\TPPIC\TP1.X\ADC_UART.asm
                     wait   0x00017d    program     static U:\TPPIC\TP1.X\ADC_UART.asm



                              Symbols - Sorted by Address
                     Name    Address   Location    Storage File                     
                ---------  ---------  ---------  --------- ---------                
                      irq   0x000004    program     static U:\TPPIC\TP1.X\ADC_UART.asm
                    t1_it   0x00000e    program     static U:\TPPIC\TP1.X\ADC_UART.asm
                    rx_if   0x000012    program     static U:\TPPIC\TP1.X\ADC_UART.asm
                    leave   0x000016    program     static U:\TPPIC\TP1.X\ADC_UART.asm
               jump_start   0x000100    program     static U:\TPPIC\TP1.X\ADC_UART.asm
                     loop   0x00012e    program     static U:\TPPIC\TP1.X\ADC_UART.asm
                      ADC   0x000133    program     static U:\TPPIC\TP1.X\ADC_UART.asm
                    start   0x000139    program     static U:\TPPIC\TP1.X\ADC_UART.asm
                      non   0x00013a    program     static U:\TPPIC\TP1.X\ADC_UART.asm
                      oui   0x00013c    program     static U:\TPPIC\TP1.X\ADC_UART.asm
                    DELAY   0x000142    program     static U:\TPPIC\TP1.X\ADC_UART.asm
                       D1   0x000144    program     static U:\TPPIC\TP1.X\ADC_UART.asm
                       D0   0x000146    program     static U:\TPPIC\TP1.X\ADC_UART.asm
                   ACK_RX   0x00014b    program     static U:\TPPIC\TP1.X\ADC_UART.asm
                   T_AUTO   0x000157    program     static U:\TPPIC\TP1.X\ADC_UART.asm
                   T_PULL   0x00015c    program     static U:\TPPIC\TP1.X\ADC_UART.asm
                    T_REQ   0x000164    program     static U:\TPPIC\TP1.X\ADC_UART.asm
               UART_TX_IT   0x00016d    program     static U:\TPPIC\TP1.X\ADC_UART.asm
                  UART_TX   0x00017d    program     static U:\TPPIC\TP1.X\ADC_UART.asm
                     wait   0x00017d    program     static U:\TPPIC\TP1.X\ADC_UART.asm
                      BCD   0x000184    program     static U:\TPPIC\TP1.X\ADC_UART.asm
                      ret   0x000187    program     static U:\TPPIC\TP1.X\ADC_UART.asm
                  unit_pp   0x000192    program     static U:\TPPIC\TP1.X\ADC_UART.asm
                   dec_pp   0x000194    program     static U:\TPPIC\TP1.X\ADC_UART.asm


